device: cuda  phi: flow/flow_main
name=flow_main  steps=12000  batch=256  lr=0.0003  tau=0.05  lam_nce=0.5  lam_id=0.1  k_endpoint=4  eval_every=200  eval_steps=8  warm_start=/home/disi/dl-project/results/phi_t2_hybrid.pt  no_warm_start=False  no_free_residual=False  seed=0
  warm-started 15 tensors from phi_t2_hybrid.pt (init velocity field == T2-hybrid edit field)
step   200 | loss 3.578 (cfm 0.794 nce 5.461 id 0.531) | R@1 0.079 R@5 0.211 R@10 0.313
step   400 | loss 3.452 (cfm 0.721 nce 5.356 id 0.535) | R@1 0.082 R@5 0.233 R@10 0.334
step   600 | loss 3.343 (cfm 0.707 nce 5.163 id 0.546) | R@1 0.080 R@5 0.212 R@10 0.305
step   800 | loss 3.428 (cfm 0.723 nce 5.287 id 0.613) | R@1 0.081 R@5 0.227 R@10 0.334
step  1000 | loss 3.382 (cfm 0.713 nce 5.234 id 0.523) | R@1 0.072 R@5 0.209 R@10 0.312
step  1200 | loss 3.370 (cfm 0.705 nce 5.211 id 0.588) | R@1 0.078 R@5 0.217 R@10 0.326
step  1400 | loss 3.411 (cfm 0.714 nce 5.283 id 0.565) | R@1 0.070 R@5 0.211 R@10 0.307
step  1600 | loss 3.269 (cfm 0.677 nce 5.072 id 0.562) | R@1 0.075 R@5 0.210 R@10 0.300
step  1800 | loss 3.312 (cfm 0.702 nce 5.100 id 0.606) | R@1 0.075 R@5 0.208 R@10 0.315
step  2000 | loss 3.351 (cfm 0.691 nce 5.222 id 0.494) | R@1 0.076 R@5 0.217 R@10 0.319
step  2200 | loss 3.290 (cfm 0.677 nce 5.124 id 0.510) | R@1 0.071 R@5 0.198 R@10 0.289
step  2400 | loss 3.324 (cfm 0.685 nce 5.160 id 0.588) | R@1 0.072 R@5 0.216 R@10 0.317
step  2600 | loss 3.261 (cfm 0.700 nce 5.009 id 0.568) | R@1 0.073 R@5 0.216 R@10 0.314
step  2800 | loss 3.334 (cfm 0.690 nce 5.186 id 0.509) | R@1 0.082 R@5 0.237 R@10 0.348
step  3000 | loss 3.326 (cfm 0.666 nce 5.193 id 0.632) | R@1 0.079 R@5 0.221 R@10 0.327
step  3200 | loss 3.196 (cfm 0.659 nce 4.953 id 0.614) | R@1 0.080 R@5 0.230 R@10 0.330
step  3400 | loss 3.244 (cfm 0.681 nce 5.006 id 0.603) | R@1 0.083 R@5 0.236 R@10 0.351
step  3600 | loss 3.251 (cfm 0.660 nce 5.065 id 0.582) | R@1 0.083 R@5 0.237 R@10 0.345
step  3800 | loss 3.442 (cfm 0.693 nce 5.377 id 0.600) | R@1 0.078 R@5 0.225 R@10 0.320
step  4000 | loss 3.262 (cfm 0.680 nce 5.042 id 0.611) | R@1 0.078 R@5 0.233 R@10 0.323
step  4200 | loss 3.182 (cfm 0.665 nce 4.916 id 0.587) | R@1 0.082 R@5 0.229 R@10 0.338
step  4400 | loss 3.318 (cfm 0.680 nce 5.156 id 0.599) | R@1 0.083 R@5 0.231 R@10 0.327
step  4600 | loss 3.169 (cfm 0.672 nce 4.879 id 0.569) | R@1 0.080 R@5 0.215 R@10 0.312
step  4800 | loss 3.269 (cfm 0.672 nce 5.079 id 0.580) | R@1 0.073 R@5 0.217 R@10 0.310
step  5000 | loss 3.214 (cfm 0.683 nce 4.944 id 0.591) | R@1 0.084 R@5 0.238 R@10 0.341
step  5200 | loss 3.218 (cfm 0.665 nce 4.988 id 0.588) | R@1 0.081 R@5 0.222 R@10 0.326
step  5400 | loss 3.280 (cfm 0.672 nce 5.092 id 0.623) | R@1 0.080 R@5 0.233 R@10 0.332
step  5600 | loss 3.186 (cfm 0.669 nce 4.919 id 0.577) | R@1 0.080 R@5 0.228 R@10 0.327
step  5800 | loss 3.215 (cfm 0.683 nce 4.943 id 0.601) | R@1 0.085 R@5 0.248 R@10 0.348
step  6000 | loss 3.104 (cfm 0.648 nce 4.792 id 0.594) | R@1 0.078 R@5 0.224 R@10 0.324
step  6200 | loss 3.186 (cfm 0.643 nce 4.962 id 0.621) | R@1 0.077 R@5 0.226 R@10 0.322
step  6400 | loss 3.109 (cfm 0.668 nce 4.762 id 0.607) | R@1 0.080 R@5 0.229 R@10 0.341
step  6600 | loss 3.199 (cfm 0.669 nce 4.945 id 0.575) | R@1 0.081 R@5 0.227 R@10 0.324
step  6800 | loss 3.236 (cfm 0.666 nce 5.024 id 0.581) | R@1 0.071 R@5 0.225 R@10 0.319
step  7000 | loss 3.248 (cfm 0.685 nce 5.007 id 0.599) | R@1 0.078 R@5 0.226 R@10 0.330
step  7200 | loss 3.210 (cfm 0.678 nce 4.940 id 0.621) | R@1 0.081 R@5 0.226 R@10 0.331
step  7400 | loss 3.266 (cfm 0.686 nce 5.044 id 0.578) | R@1 0.077 R@5 0.235 R@10 0.335
step  7600 | loss 3.278 (cfm 0.678 nce 5.077 id 0.614) | R@1 0.082 R@5 0.236 R@10 0.350
step  7800 | loss 3.210 (cfm 0.677 nce 4.944 id 0.613) | R@1 0.083 R@5 0.238 R@10 0.336
step  8000 | loss 3.238 (cfm 0.677 nce 4.999 id 0.604) | R@1 0.081 R@5 0.239 R@10 0.348
step  8200 | loss 3.198 (cfm 0.674 nce 4.923 id 0.633) | R@1 0.080 R@5 0.232 R@10 0.341
step  8400 | loss 3.172 (cfm 0.675 nce 4.865 id 0.645) | R@1 0.079 R@5 0.238 R@10 0.363
step  8600 | loss 3.195 (cfm 0.671 nce 4.935 id 0.564) | R@1 0.078 R@5 0.216 R@10 0.323
step  8800 | loss 3.135 (cfm 0.656 nce 4.833 id 0.625) | R@1 0.086 R@5 0.255 R@10 0.375
step  9000 | loss 3.213 (cfm 0.650 nce 5.005 id 0.604) | R@1 0.082 R@5 0.235 R@10 0.340
step  9200 | loss 3.272 (cfm 0.672 nce 5.078 id 0.616) | R@1 0.083 R@5 0.238 R@10 0.342
step  9400 | loss 3.179 (cfm 0.645 nce 4.945 id 0.617) | R@1 0.082 R@5 0.237 R@10 0.347
step  9600 | loss 3.127 (cfm 0.654 nce 4.821 id 0.616) | R@1 0.081 R@5 0.232 R@10 0.345
step  9800 | loss 3.099 (cfm 0.672 nce 4.735 id 0.594) | R@1 0.079 R@5 0.233 R@10 0.341
step 10000 | loss 3.225 (cfm 0.648 nce 5.035 id 0.589) | R@1 0.083 R@5 0.233 R@10 0.341
step 10200 | loss 3.180 (cfm 0.666 nce 4.910 id 0.590) | R@1 0.078 R@5 0.230 R@10 0.333
step 10400 | loss 3.246 (cfm 0.679 nce 5.012 id 0.604) | R@1 0.080 R@5 0.228 R@10 0.328
step 10600 | loss 3.286 (cfm 0.670 nce 5.113 id 0.596) | R@1 0.085 R@5 0.229 R@10 0.338
step 10800 | loss 3.157 (cfm 0.664 nce 4.863 id 0.613) | R@1 0.074 R@5 0.213 R@10 0.316
step 11000 | loss 3.194 (cfm 0.680 nce 4.900 id 0.642) | R@1 0.087 R@5 0.238 R@10 0.350
step 11200 | loss 3.243 (cfm 0.674 nce 5.022 id 0.584) | R@1 0.077 R@5 0.219 R@10 0.321
step 11400 | loss 3.185 (cfm 0.664 nce 4.913 id 0.645) | R@1 0.088 R@5 0.243 R@10 0.357
step 11600 | loss 3.150 (cfm 0.666 nce 4.849 id 0.590) | R@1 0.081 R@5 0.233 R@10 0.341
step 11800 | loss 3.217 (cfm 0.659 nce 4.994 id 0.611) | R@1 0.082 R@5 0.242 R@10 0.340
step 12000 | loss 3.214 (cfm 0.661 nce 4.987 id 0.597) | R@1 0.078 R@5 0.222 R@10 0.319
best checkpoint -> /home/disi/dl-project/results/phi_flow_flow_main.pt (+ timestamped copy)
best (N=8, λ=0): R@1 0.088 R@5 0.243 R@10 0.357
