device: cuda  phi: flow/flow_v2
name=flow_v2  steps=12000  batch=256  lr=0.0003  lr_new=0.001  tau=0.05  lam_cfm=1.0  lam_nce=1.0  lam_id=0.4  k_endpoint=8  eval_every=200  eval_steps=8  warm_start=/home/disi/dl-project/results/phi_t2_hybrid.pt  no_warm_start=False  no_free_residual=False  seed=0
  warm-started 15 tensors from phi_t2_hybrid.pt (init velocity field == T2-hybrid edit field)
step   200 | loss 6.376 (cfm 0.844 nce 5.340 id 0.483) | R@1 0.094 R@5 0.256 R@10 0.358
step   400 | loss 6.264 (cfm 0.752 nce 5.347 id 0.414) | R@1 0.088 R@5 0.237 R@10 0.346
step   600 | loss 6.276 (cfm 0.718 nce 5.370 id 0.472) | R@1 0.071 R@5 0.229 R@10 0.339
step   800 | loss 6.215 (cfm 0.719 nce 5.322 id 0.435) | R@1 0.074 R@5 0.242 R@10 0.341
step  1000 | loss 6.065 (cfm 0.724 nce 5.138 id 0.507) | R@1 0.072 R@5 0.236 R@10 0.358
step  1200 | loss 6.040 (cfm 0.697 nce 5.161 id 0.454) | R@1 0.075 R@5 0.248 R@10 0.361
step  1400 | loss 5.940 (cfm 0.675 nce 5.089 id 0.442) | R@1 0.074 R@5 0.236 R@10 0.360
step  1600 | loss 5.830 (cfm 0.686 nce 4.943 id 0.501) | R@1 0.076 R@5 0.237 R@10 0.348
step  1800 | loss 6.051 (cfm 0.701 nce 5.159 id 0.478) | R@1 0.071 R@5 0.237 R@10 0.351
step  2000 | loss 5.928 (cfm 0.694 nce 5.036 id 0.495) | R@1 0.081 R@5 0.264 R@10 0.383
step  2200 | loss 5.870 (cfm 0.692 nce 4.985 id 0.480) | R@1 0.075 R@5 0.227 R@10 0.361
step  2400 | loss 6.004 (cfm 0.682 nce 5.131 id 0.478) | R@1 0.072 R@5 0.238 R@10 0.350
step  2600 | loss 5.965 (cfm 0.697 nce 5.074 id 0.485) | R@1 0.079 R@5 0.252 R@10 0.377
step  2800 | loss 5.996 (cfm 0.684 nce 5.119 id 0.481) | R@1 0.079 R@5 0.246 R@10 0.373
step  3000 | loss 5.902 (cfm 0.690 nce 5.024 id 0.470) | R@1 0.089 R@5 0.261 R@10 0.380
step  3200 | loss 6.041 (cfm 0.694 nce 5.154 id 0.485) | R@1 0.087 R@5 0.253 R@10 0.370
step  3400 | loss 5.897 (cfm 0.678 nce 5.030 id 0.473) | R@1 0.093 R@5 0.261 R@10 0.387
step  3600 | loss 5.826 (cfm 0.687 nce 4.951 id 0.471) | R@1 0.074 R@5 0.244 R@10 0.360
step  3800 | loss 5.848 (cfm 0.669 nce 4.985 id 0.484) | R@1 0.082 R@5 0.246 R@10 0.373
step  4000 | loss 6.003 (cfm 0.702 nce 5.100 id 0.500) | R@1 0.078 R@5 0.244 R@10 0.372
step  4200 | loss 5.921 (cfm 0.680 nce 5.036 id 0.514) | R@1 0.077 R@5 0.249 R@10 0.377
step  4400 | loss 5.984 (cfm 0.680 nce 5.088 id 0.541) | R@1 0.080 R@5 0.241 R@10 0.366
step  4600 | loss 5.954 (cfm 0.690 nce 5.069 id 0.488) | R@1 0.087 R@5 0.256 R@10 0.382
step  4800 | loss 5.912 (cfm 0.688 nce 5.025 id 0.501) | R@1 0.073 R@5 0.241 R@10 0.359
step  5000 | loss 5.869 (cfm 0.698 nce 4.974 id 0.492) | R@1 0.078 R@5 0.239 R@10 0.369
step  5200 | loss 5.788 (cfm 0.669 nce 4.912 id 0.517) | R@1 0.079 R@5 0.245 R@10 0.355
step  5400 | loss 5.767 (cfm 0.681 nce 4.888 id 0.495) | R@1 0.080 R@5 0.250 R@10 0.373
step  5600 | loss 5.994 (cfm 0.709 nce 5.082 id 0.510) | R@1 0.071 R@5 0.238 R@10 0.353
step  5800 | loss 5.823 (cfm 0.687 nce 4.935 id 0.501) | R@1 0.088 R@5 0.249 R@10 0.375
step  6000 | loss 5.804 (cfm 0.669 nce 4.949 id 0.464) | R@1 0.086 R@5 0.263 R@10 0.381
step  6200 | loss 5.929 (cfm 0.688 nce 5.043 id 0.493) | R@1 0.092 R@5 0.260 R@10 0.387
step  6400 | loss 5.885 (cfm 0.673 nce 5.019 id 0.481) | R@1 0.087 R@5 0.267 R@10 0.387
step  6600 | loss 5.977 (cfm 0.699 nce 5.083 id 0.488) | R@1 0.077 R@5 0.246 R@10 0.377
step  6800 | loss 5.723 (cfm 0.672 nce 4.843 id 0.521) | R@1 0.080 R@5 0.254 R@10 0.378
step  7000 | loss 5.847 (cfm 0.648 nce 5.002 id 0.492) | R@1 0.081 R@5 0.256 R@10 0.378
step  7200 | loss 5.711 (cfm 0.667 nce 4.834 id 0.526) | R@1 0.086 R@5 0.254 R@10 0.384
step  7400 | loss 5.768 (cfm 0.659 nce 4.893 id 0.537) | R@1 0.083 R@5 0.247 R@10 0.384
step  7600 | loss 5.901 (cfm 0.659 nce 5.035 id 0.518) | R@1 0.080 R@5 0.253 R@10 0.387
step  7800 | loss 5.969 (cfm 0.674 nce 5.096 id 0.497) | R@1 0.086 R@5 0.262 R@10 0.384
step  8000 | loss 5.882 (cfm 0.684 nce 4.997 id 0.503) | R@1 0.083 R@5 0.261 R@10 0.384
step  8200 | loss 5.781 (cfm 0.672 nce 4.902 id 0.517) | R@1 0.084 R@5 0.270 R@10 0.397
step  8400 | loss 5.560 (cfm 0.657 nce 4.695 id 0.520) | R@1 0.080 R@5 0.268 R@10 0.391
step  8600 | loss 5.735 (cfm 0.668 nce 4.865 id 0.507) | R@1 0.084 R@5 0.262 R@10 0.390
step  8800 | loss 5.771 (cfm 0.690 nce 4.874 id 0.516) | R@1 0.088 R@5 0.274 R@10 0.397
step  9000 | loss 5.739 (cfm 0.647 nce 4.900 id 0.480) | R@1 0.089 R@5 0.263 R@10 0.391
step  9200 | loss 5.775 (cfm 0.658 nce 4.922 id 0.487) | R@1 0.092 R@5 0.274 R@10 0.399
step  9400 | loss 5.817 (cfm 0.674 nce 4.937 id 0.518) | R@1 0.081 R@5 0.257 R@10 0.379
step  9600 | loss 5.790 (cfm 0.674 nce 4.901 id 0.538) | R@1 0.074 R@5 0.244 R@10 0.377
step  9800 | loss 5.966 (cfm 0.667 nce 5.097 id 0.502) | R@1 0.082 R@5 0.257 R@10 0.386
step 10000 | loss 5.701 (cfm 0.658 nce 4.840 id 0.507) | R@1 0.087 R@5 0.273 R@10 0.393
step 10200 | loss 5.945 (cfm 0.685 nce 5.059 id 0.503) | R@1 0.082 R@5 0.266 R@10 0.406
step 10400 | loss 6.054 (cfm 0.676 nce 5.171 id 0.517) | R@1 0.084 R@5 0.273 R@10 0.403
step 10600 | loss 6.039 (cfm 0.674 nce 5.172 id 0.482) | R@1 0.091 R@5 0.282 R@10 0.411
step 10800 | loss 5.825 (cfm 0.669 nce 4.956 id 0.501) | R@1 0.088 R@5 0.264 R@10 0.387
step 11000 | loss 5.899 (cfm 0.671 nce 5.022 id 0.517) | R@1 0.075 R@5 0.259 R@10 0.399
step 11200 | loss 5.760 (cfm 0.675 nce 4.877 id 0.517) | R@1 0.082 R@5 0.273 R@10 0.406
step 11400 | loss 5.778 (cfm 0.660 nce 4.914 id 0.510) | R@1 0.077 R@5 0.255 R@10 0.396
step 11600 | loss 5.791 (cfm 0.662 nce 4.920 id 0.522) | R@1 0.082 R@5 0.268 R@10 0.401
step 11800 | loss 5.913 (cfm 0.678 nce 5.031 id 0.510) | R@1 0.086 R@5 0.267 R@10 0.407
step 12000 | loss 5.789 (cfm 0.660 nce 4.937 id 0.482) | R@1 0.081 R@5 0.258 R@10 0.393
best checkpoint -> /home/disi/dl-project/results/phi_flow_flow_v2.pt (+ timestamped copy; saved at every improvement)
best (N=8, λ=0): R@1 0.094 R@5 0.256 R@10 0.358
